
  .   ____          _            __ _ _
 /\\ / ___'_ __ _ _(_)_ __  __ _ \ \ \ \
( ( )\___ | '_ | '_| | '_ \/ _` | \ \ \ \
 \\/  ___)| |_)| | | | | || (_| |  ) ) ) )
  '  |____| .__|_| |_|_| |_\__, | / / / /
 =========|_|==============|___/=/_/_/_/

 :: Spring Boot ::                (v4.1.1)

2026-09-22T12:46:29.785+05:30  INFO 20548 --- [candidly ai] [           main] a.c.career.CareerPlatformApplication     : Starting CareerPlatformApplication using Java 25 with PID 20548 (C:\ws\candidly-ai\app\target\classes started by RAJRA in C:\ws\candidly-ai\app)
2026-09-22T12:46:29.789+05:30  INFO 20548 --- [candidly ai] [           main] a.c.career.CareerPlatformApplication     : No active profile set, falling back to 1 default profile: "default"
2026-09-22T12:46:31.066+05:30  INFO 20548 --- [candidly ai] [           main] .s.d.r.c.RepositoryConfigurationDelegate : Bootstrapping Spring Data JPA repositories in DEFAULT mode.
2026-09-22T12:46:31.201+05:30  INFO 20548 --- [candidly ai] [           main] .s.d.r.c.RepositoryConfigurationDelegate : Finished Spring Data repository scanning in 121 ms. Found 14 JPA repository interfaces.
2026-09-22T12:46:31.973+05:30  INFO 20548 --- [candidly ai] [           main] o.s.boot.tomcat.TomcatWebServer          : Tomcat initialized with port 8080 (http)
2026-09-22T12:46:31.988+05:30  INFO 20548 --- [candidly ai] [           main] o.apache.catalina.core.StandardService   : Starting service [Tomcat]
2026-09-22T12:46:31.989+05:30  INFO 20548 --- [candidly ai] [           main] o.apache.catalina.core.StandardEngine    : Starting Servlet engine: [Apache Tomcat/11.0.24]
2026-09-22T12:46:32.058+05:30  INFO 20548 --- [candidly ai] [           main] b.w.c.s.WebApplicationContextInitializer : Root WebApplicationContext: initialization completed in 2206 ms
2026-09-22T12:46:32.399+05:30  INFO 20548 --- [candidly ai] [           main] org.hibernate.orm.jpa                    : HHH008540: Processing PersistenceUnitInfo [name: default]
2026-09-22T12:46:32.469+05:30  INFO 20548 --- [candidly ai] [           main] org.hibernate.orm.core                   : HHH000001: Hibernate ORM core version 7.4.5.Final
2026-09-22T12:46:32.934+05:30  INFO 20548 --- [candidly ai] [           main] o.s.o.j.p.SpringPersistenceUnitInfo      : No LoadTimeWeaver setup: ignoring JPA class transformer
2026-09-22T12:46:32.979+05:30  INFO 20548 --- [candidly ai] [           main] com.zaxxer.hikari.HikariDataSource       : HikariPool-1 - Starting...
2026-09-22T12:46:33.165+05:30  INFO 20548 --- [candidly ai] [           main] com.zaxxer.hikari.pool.HikariPool        : HikariPool-1 - Added connection org.postgresql.jdbc.PgConnection@5ca4c88a
2026-09-22T12:46:33.167+05:30  INFO 20548 --- [candidly ai] [           main] com.zaxxer.hikari.HikariDataSource       : HikariPool-1 - Start completed.
2026-09-22T12:46:33.243+05:30  INFO 20548 --- [candidly ai] [           main] org.hibernate.orm.connections.pooling    : HHH10001005: Database info:
	Database JDBC URL [jdbc:postgresql://localhost:5432/candidly]
	Database driver: PostgreSQL JDBC Driver
	Database dialect: PostgreSQLDialect
	Database version: 18.6
	Default catalog/schema: candidly/public
	Autocommit mode: undefined/unknown
	Isolation level: READ_COMMITTED [default READ_COMMITTED]
	JDBC fetch size: none
	Pool: DataSourceConnectionProvider
	Minimum pool size: undefined/unknown
	Maximum pool size: undefined/unknown
2026-09-22T12:46:34.750+05:30  INFO 20548 --- [candidly ai] [           main] org.hibernate.orm.core                   : HHH000489: No JTA platform available (set 'hibernate.transaction.jta.platform' to enable JTA platform integration)
2026-09-22T12:46:34.953+05:30  WARN 20548 --- [candidly ai] [           main] org.hibernate.orm.jdbc.warn              : HHH000247: ErrorCode: 0, SQLState: 00000
2026-09-22T12:46:34.954+05:30  WARN 20548 --- [candidly ai] [           main] org.hibernate.orm.jdbc.warn              : constraint "uko7203bs8b05gs32euhbfvtqqs" of relation "candidate_experience_raw_skill_mention" does not exist, skipping
2026-09-22T12:46:34.970+05:30  WARN 20548 --- [candidly ai] [           main] org.hibernate.orm.jdbc.warn              : HHH000247: ErrorCode: 0, SQLState: 00000
2026-09-22T12:46:34.971+05:30  WARN 20548 --- [candidly ai] [           main] org.hibernate.orm.jdbc.warn              : constraint "ukcvbmpfk0tdoltcx1lnamnm692" of relation "candidate_raw_skill_mention" does not exist, skipping
2026-09-22T12:46:34.974+05:30  WARN 20548 --- [candidly ai] [           main] org.hibernate.orm.jdbc.warn              : HHH000247: ErrorCode: 0, SQLState: 00000
2026-09-22T12:46:34.976+05:30  WARN 20548 --- [candidly ai] [           main] org.hibernate.orm.jdbc.warn              : constraint "uknt881ijcn71g79p6dudty3p39" of relation "job_posting_preferred_skill" does not exist, skipping
2026-09-22T12:46:35.023+05:30  INFO 20548 --- [candidly ai] [           main] j.LocalContainerEntityManagerFactoryBean : Initialized JPA EntityManagerFactory for persistence unit 'default'
2026-09-22T12:46:35.289+05:30  INFO 20548 --- [candidly ai] [           main] o.s.d.j.r.query.QueryEnhancerFactories   : Hibernate is in classpath; If applicable, HQL parser will be used.
2026-09-22T12:46:36.485+05:30  INFO 20548 --- [candidly ai] [           main] o.s.b.a.e.web.EndpointLinksResolver      : Exposing 1 endpoint beneath base path '/actuator'
2026-09-22T12:46:36.562+05:30  INFO 20548 --- [candidly ai] [           main] o.s.boot.tomcat.TomcatWebServer          : Tomcat started on port 8080 (http) with context path '/'
2026-09-22T12:46:36.579+05:30  INFO 20548 --- [candidly ai] [           main] a.c.career.CareerPlatformApplication     : Started CareerPlatformApplication in 7.383 seconds (process running for 7.849)
2026-09-22T12:46:36.977+05:30  INFO 20548 --- [candidly ai] [nio-8080-exec-2] o.a.c.c.C.[Tomcat].[localhost].[/]       : Initializing Spring DispatcherServlet 'dispatcherServlet'
2026-09-22T12:46:36.977+05:30  INFO 20548 --- [candidly ai] [nio-8080-exec-2] o.s.web.servlet.DispatcherServlet        : Initializing Servlet 'dispatcherServlet'
2026-09-22T12:46:36.978+05:30  INFO 20548 --- [candidly ai] [nio-8080-exec-2] o.s.web.servlet.DispatcherServlet        : Completed initialization in 1 ms
2026-09-22T12:49:02.530+05:30  WARN 20548 --- [candidly ai] [nio-8080-exec-8] o.h.v.i.m.a.CascadingMetaDataBuilder     : HV000271: Using `@Valid` on a container (java.util.List) is deprecated. You should apply the annotation on the type argument(s). Affected element: CandidateRequest#experiences()
2026-09-22T12:49:02.536+05:30  WARN 20548 --- [candidly ai] [nio-8080-exec-8] o.h.v.i.m.a.CascadingMetaDataBuilder     : HV000271: Using `@Valid` on a container (java.util.List) is deprecated. You should apply the annotation on the type argument(s). Affected element: CandidateRequest#ai.candidly.career.api.CandidateRequest(String, String, String, Set, long, Set, List)
2026-09-22T12:49:02.538+05:30  WARN 20548 --- [candidly ai] [nio-8080-exec-8] o.h.v.i.m.a.CascadingMetaDataBuilder     : HV000271: Using `@Valid` on a container (java.util.List) is deprecated. You should apply the annotation on the type argument(s). Affected element: experiences
[ERROR] Failed to execute goal org.springframework.boot:spring-boot-maven-plugin:4.1.1:run (default-cli) on project career-platform: Process terminated with exit code: 1 -> [Help 1]
[ERROR] 
[ERROR] To see the full stack trace of the errors, re-run Maven with the -e switch.
[ERROR] Re-run Maven using the -X switch to enable full debug logging.
[ERROR] 
[ERROR] For more information about the errors and possible solutions, please read the following articles:
[ERROR] [Help 1] http://cwiki.apache.org/confluence/display/MAVEN/MojoExecutionException
