WARNING: A restricted method in java.lang.System has been called
WARNING: java.lang.System::load has been called by org.fusesource.jansi.internal.JansiLoader in an unnamed module (file:/C:/Program%20Files/maven/3.8.6/lib/jansi-2.4.0.jar)
WARNING: Use --enable-native-access=ALL-UNNAMED to avoid a warning for callers in this module
WARNING: Restricted methods will be blocked in a future release unless native access is enabled

WARNING: A terminally deprecated method in sun.misc.Unsafe has been called
WARNING: sun.misc.Unsafe::objectFieldOffset has been called by com.google.common.util.concurrent.AbstractFuture$UnsafeAtomicHelper (file:/C:/Program%20Files/maven/3.8.6/lib/guava-25.1-android.jar)
WARNING: Please consider reporting this to the maintainers of class com.google.common.util.concurrent.AbstractFuture$UnsafeAtomicHelper
WARNING: sun.misc.Unsafe::objectFieldOffset will be removed in a future release

  .   ____          _            __ _ _
 /\\ / ___'_ __ _ _(_)_ __  __ _ \ \ \ \
( ( )\___ | '_ | '_| | '_ \/ _` | \ \ \ \
 \\/  ___)| |_)| | | | | || (_| |  ) ) ) )
  '  |____| .__|_| |_|_| |_\__, | / / / /
 =========|_|==============|___/=/_/_/_/

 :: Spring Boot ::                (v4.1.1)

2026-09-22T13:03:54.185+05:30  INFO 14828 --- [candidly ai] [           main] a.c.career.CareerPlatformApplication     : Starting CareerPlatformApplication using Java 25 with PID 14828 (C:\ws\candidly-ai\app\target\classes started by RAJRA in C:\ws\candidly-ai\app)
2026-09-22T13:03:54.191+05:30  INFO 14828 --- [candidly ai] [           main] a.c.career.CareerPlatformApplication     : No active profile set, falling back to 1 default profile: "default"
2026-09-22T13:03:56.469+05:30  INFO 14828 --- [candidly ai] [           main] .s.d.r.c.RepositoryConfigurationDelegate : Bootstrapping Spring Data JPA repositories in DEFAULT mode.
2026-09-22T13:03:56.667+05:30  INFO 14828 --- [candidly ai] [           main] .s.d.r.c.RepositoryConfigurationDelegate : Finished Spring Data repository scanning in 181 ms. Found 15 JPA repository interfaces.
2026-09-22T13:03:58.236+05:30  INFO 14828 --- [candidly ai] [           main] o.s.boot.tomcat.TomcatWebServer          : Tomcat initialized with port 8080 (http)
2026-09-22T13:03:58.267+05:30  INFO 14828 --- [candidly ai] [           main] o.apache.catalina.core.StandardService   : Starting service [Tomcat]
2026-09-22T13:03:58.268+05:30  INFO 14828 --- [candidly ai] [           main] o.apache.catalina.core.StandardEngine    : Starting Servlet engine: [Apache Tomcat/11.0.24]
2026-09-22T13:03:58.413+05:30  INFO 14828 --- [candidly ai] [           main] b.w.c.s.WebApplicationContextInitializer : Root WebApplicationContext: initialization completed in 4080 ms
2026-09-22T13:03:59.014+05:30  INFO 14828 --- [candidly ai] [           main] org.hibernate.orm.jpa                    : HHH008540: Processing PersistenceUnitInfo [name: default]
2026-09-22T13:03:59.156+05:30  INFO 14828 --- [candidly ai] [           main] org.hibernate.orm.core                   : HHH000001: Hibernate ORM core version 7.4.5.Final
2026-09-22T13:04:00.292+05:30  INFO 14828 --- [candidly ai] [           main] o.s.o.j.p.SpringPersistenceUnitInfo      : No LoadTimeWeaver setup: ignoring JPA class transformer
2026-09-22T13:04:00.379+05:30  INFO 14828 --- [candidly ai] [           main] com.zaxxer.hikari.HikariDataSource       : HikariPool-1 - Starting...
2026-09-22T13:04:00.784+05:30  INFO 14828 --- [candidly ai] [           main] com.zaxxer.hikari.pool.HikariPool        : HikariPool-1 - Added connection org.postgresql.jdbc.PgConnection@360a3106
2026-09-22T13:04:00.788+05:30  INFO 14828 --- [candidly ai] [           main] com.zaxxer.hikari.HikariDataSource       : HikariPool-1 - Start completed.
2026-09-22T13:04:00.958+05:30  INFO 14828 --- [candidly ai] [           main] org.hibernate.orm.connections.pooling    : HHH10001005: Database info:
	Database JDBC URL [jdbc:postgresql://localhost:5432/candidly]
	Database driver: PostgreSQL JDBC Driver
	Database dialect: PostgreSQLDialect
	Database version: 18.6
	Default catalog/schema: candidly/public
	Autocommit mode: undefined/unknown
	Isolation level: READ_COMMITTED [default READ_COMMITTED]
	JDBC fetch size: none
	Pool: DataSourceConnectionProvider
	Minimum pool size: undefined/unknown
	Maximum pool size: undefined/unknown
2026-09-22T13:04:04.321+05:30  INFO 14828 --- [candidly ai] [           main] org.hibernate.orm.core                   : HHH000489: No JTA platform available (set 'hibernate.transaction.jta.platform' to enable JTA platform integration)
2026-09-22T13:04:04.620+05:30  WARN 14828 --- [candidly ai] [           main] org.hibernate.orm.jdbc.warn              : HHH000247: ErrorCode: 0, SQLState: 00000
2026-09-22T13:04:04.621+05:30  WARN 14828 --- [candidly ai] [           main] org.hibernate.orm.jdbc.warn              : constraint "ukqico3rdydtj4df016pv3jlfo5" of relation "autopilot_enabled_source" does not exist, skipping
2026-09-22T13:04:04.629+05:30  WARN 14828 --- [candidly ai] [           main] org.hibernate.orm.jdbc.warn              : HHH000247: ErrorCode: 0, SQLState: 00000
2026-09-22T13:04:04.629+05:30  WARN 14828 --- [candidly ai] [           main] org.hibernate.orm.jdbc.warn              : constraint "ukpahpn4tmpipqmq9e0hi3oharl" of relation "autopilot_exclude_keyword" does not exist, skipping
2026-09-22T13:04:04.634+05:30  WARN 14828 --- [candidly ai] [           main] org.hibernate.orm.jdbc.warn              : HHH000247: ErrorCode: 0, SQLState: 00000
2026-09-22T13:04:04.635+05:30  WARN 14828 --- [candidly ai] [           main] org.hibernate.orm.jdbc.warn              : constraint "ukpahpn4tmpipqmq9e0hi3oharl" of relation "autopilot_include_keyword" does not exist, skipping
2026-09-22T13:04:04.640+05:30  WARN 14828 --- [candidly ai] [           main] org.hibernate.orm.jdbc.warn              : HHH000247: ErrorCode: 0, SQLState: 00000
2026-09-22T13:04:04.640+05:30  WARN 14828 --- [candidly ai] [           main] org.hibernate.orm.jdbc.warn              : constraint "ukg9lo666d569w6xwn3cfrm1m4l" of relation "autopilot_key_skill" does not exist, skipping
2026-09-22T13:04:04.644+05:30  WARN 14828 --- [candidly ai] [           main] org.hibernate.orm.jdbc.warn              : HHH000247: ErrorCode: 0, SQLState: 00000
2026-09-22T13:04:04.644+05:30  WARN 14828 --- [candidly ai] [           main] org.hibernate.orm.jdbc.warn              : constraint "ukqyd8wdexe1230srnb6xt8x43h" of relation "autopilot_preferred_location" does not exist, skipping
2026-09-22T13:04:04.649+05:30  WARN 14828 --- [candidly ai] [           main] org.hibernate.orm.jdbc.warn              : HHH000247: ErrorCode: 0, SQLState: 00000
2026-09-22T13:04:04.649+05:30  WARN 14828 --- [candidly ai] [           main] org.hibernate.orm.jdbc.warn              : constraint "uklmywlwog70smskrak23txcmgj" of relation "autopilot_preferred_role" does not exist, skipping
2026-09-22T13:04:04.652+05:30  WARN 14828 --- [candidly ai] [           main] org.hibernate.orm.jdbc.warn              : HHH000247: ErrorCode: 0, SQLState: 00000
2026-09-22T13:04:04.652+05:30  WARN 14828 --- [candidly ai] [           main] org.hibernate.orm.jdbc.warn              : constraint "ukd4pl52979df8gkja17a3x7jem" of relation "autopilot_settings" does not exist, skipping
2026-09-22T13:04:04.657+05:30  WARN 14828 --- [candidly ai] [           main] org.hibernate.orm.jdbc.warn              : HHH000247: ErrorCode: 0, SQLState: 00000
2026-09-22T13:04:04.659+05:30  WARN 14828 --- [candidly ai] [           main] org.hibernate.orm.jdbc.warn              : constraint "uknt881ijcn71g79p6dudty3p39" of relation "job_posting_preferred_skill" does not exist, skipping
2026-09-22T13:04:04.756+05:30  INFO 14828 --- [candidly ai] [           main] j.LocalContainerEntityManagerFactoryBean : Initialized JPA EntityManagerFactory for persistence unit 'default'
2026-09-22T13:04:05.356+05:30  INFO 14828 --- [candidly ai] [           main] o.s.d.j.r.query.QueryEnhancerFactories   : Hibernate is in classpath; If applicable, HQL parser will be used.
2026-09-22T13:04:07.901+05:30  INFO 14828 --- [candidly ai] [           main] o.s.b.a.e.web.EndpointLinksResolver      : Exposing 1 endpoint beneath base path '/actuator'
2026-09-22T13:04:08.063+05:30  WARN 14828 --- [candidly ai] [           main] ConfigServletWebServerApplicationContext : Exception encountered during context initialization - cancelling refresh attempt: org.springframework.context.ApplicationContextException: Failed to start bean 'webServerStartStop'
2026-09-22T13:04:08.075+05:30  INFO 14828 --- [candidly ai] [           main] j.LocalContainerEntityManagerFactoryBean : Closing JPA EntityManagerFactory for persistence unit 'default'
2026-09-22T13:04:08.080+05:30  INFO 14828 --- [candidly ai] [           main] com.zaxxer.hikari.HikariDataSource       : HikariPool-1 - Shutdown initiated...
2026-09-22T13:04:08.088+05:30  INFO 14828 --- [candidly ai] [           main] com.zaxxer.hikari.HikariDataSource       : HikariPool-1 - Shutdown completed.
2026-09-22T13:04:08.125+05:30  INFO 14828 --- [candidly ai] [           main] .s.b.a.l.ConditionEvaluationReportLogger : 

Error starting ApplicationContext. To display the condition evaluation report re-run your application with 'debug' enabled.
2026-09-22T13:04:08.156+05:30 ERROR 14828 --- [candidly ai] [           main] o.s.b.d.LoggingFailureAnalysisReporter   : 

***************************
APPLICATION FAILED TO START
***************************

Description:

Web server failed to start. Port 8080 was already in use.

Action:

Identify and stop the process that's listening on port 8080 or configure this application to listen on another port.

[ERROR] Failed to execute goal org.springframework.boot:spring-boot-maven-plugin:4.1.1:run (default-cli) on project career-platform: Process terminated with exit code: 1 -> [Help 1]
[ERROR] 
[ERROR] To see the full stack trace of the errors, re-run Maven with the -e switch.
[ERROR] Re-run Maven using the -X switch to enable full debug logging.
[ERROR] 
[ERROR] For more information about the errors and possible solutions, please read the following articles:
[ERROR] [Help 1] http://cwiki.apache.org/confluence/display/MAVEN/MojoExecutionException
